// Jest Snapshot v1, https://goo.gl/fbAQLP

exports[`Pruebas sobre el componente AddCategory debe de mostrar correctamente el componente 1`] = `
<form
  onSubmit={[Function]}
>
  <p>
     
  </p>
  <input
    onChange={[Function]}
    type="text"
    value=""
  />
</form>
`;
